Copyright 1986-2019 Xilinx, Inc. All Rights Reserved.
------------------------------------------------------------------------------------
| Tool Version : Vivado v.2019.2 (win64) Build 2708876 Wed Nov  6 21:40:23 MST 2019
| Date         : Sun Dec  6 15:55:05 2020
| Host         : DESKTOP-RTHS3DT running 64-bit major release  (build 9200)
| Command      : report_incremental_reuse -file Top_incremental_reuse_routed.rpt
| Design       : Top
| Device       : xc7a100t
| Design State : Fully Routed
------------------------------------------------------------------------------------

Incremental Implementation Information

Table of Contents
-----------------
1. Reuse Summary
2. Reference Checkpoint Information
3. Comparison with Reference Run
4. Non Reuse Information

1. Reuse Summary
----------------

+-------+----------------------+--------------------+--------------------+-------+
|  Type | Matched % (of Total) | Reuse % (of Total) | Fixed % (of Total) | Total |
+-------+----------------------+--------------------+--------------------+-------+
| Cells |                97.37 |              86.39 |               3.87 |  1521 |
| Nets  |               100.00 |              41.45 |               0.00 |  1018 |
| Pins  |                    - |              29.69 |                  - |  6321 |
| Ports |               100.00 |             100.00 |             100.00 |    59 |
+-------+----------------------+--------------------+--------------------+-------+


2. Reference Checkpoint Information
-----------------------------------

+----------------+------------------------------------------------------------------------------------+
| DCP Location:  | C:/Users/tim_c/Documents/Vivado/533/533.srcs/utils_1/imports/impl_1/Top_routed.dcp |
+----------------+------------------------------------------------------------------------------------+


+--------------------------------+----------------------------+
|         DCP Information        |            Value           |
+--------------------------------+----------------------------+
| Vivado Version                 |                     2019.2 |
| DCP State                      |                 POST_ROUTE |
| Recorded WNS                   |                        N/A |
| Recorded WHS                   |                      0.000 |
| Reference Speed File Version   | PRODUCTION 1.23 2018-06-13 |
| Incremental Speed File Version | PRODUCTION 1.23 2018-06-13 |
+--------------------------------+----------------------------+
* Recorded WNS/WHS timing numbers are estimated timing numbers. They may vary slightly from sign-off timing numbers.


3. Comparison with Reference Run
--------------------------------

+-----------------+---------------------------+---------------------------+---------------------------+
|                 |          WNS(ns)          |  Runtime(elapsed)(hh:mm)  |    Runtime(cpu)(hh:mm)    |
+-----------------+-------------+-------------+-------------+-------------+-------------+-------------+
|      Stage      |  Reference  | Incremental |  Reference  | Incremental |  Reference  | Incremental |
+-----------------+-------------+-------------+-------------+-------------+-------------+-------------+
| synth_design    |             |             |       00:02 |       00:02 |       00:02 |       00:02 |
| opt_design      |             |             |     < 1 min |     < 1 min |     < 1 min |     < 1 min |
| read_checkpoint |             |             |     < 1 min |     < 1 min |     < 1 min |     < 1 min |
| place_design    |         N/A |         N/A |     < 1 min |     < 1 min |     < 1 min |     < 1 min |
| route_design    |             |             |     < 1 min |     < 1 min |     < 1 min |     < 1 min |
+-----------------+-------------+-------------+-------------+-------------+-------------+-------------+


4. Non Reuse Information
------------------------

+------------------------------------------------------+-------+
|                         Type                         |   %   |
+------------------------------------------------------+-------+
| Non-Reused Cells                                     | 13.60 |
|   New                                                |  2.43 |
|   Discarded illegal placement due to netlist changes |  9.07 |
|   Discarded to improve timing                        |  2.10 |
| Partially reused nets                                |  0.00 |
| Non-Reused nets                                      | 58.54 |
| Non-Reused Ports                                     |  0.00 |
+------------------------------------------------------+-------+


